#-----------------------------------------------------------
# Webtalk v2019.2.1 (64-bit)
# SW Build 2729669 on Thu Dec  5 04:49:17 MST 2019
# IP Build 2729494 on Thu Dec  5 07:38:25 MST 2019
# Start of session at: Thu May 28 16:55:08 2020
# Process ID: 11692
# Current directory: C:/Users/boblu/Documents/TuD/MSc_Computer_Engineering/PDP/sim/zynq_sim/zynq_sim.sim/sim_1/behav/xsim
# Command line: wbtcv.exe -mode batch -source C:/Users/boblu/Documents/TuD/MSc_Computer_Engineering/PDP/sim/zynq_sim/zynq_sim.sim/sim_1/behav/xsim/xsim.dir/testbench_vivado_1_behav/webtalk/xsim_webtalk.tcl -notrace
# Log file: C:/Users/boblu/Documents/TuD/MSc_Computer_Engineering/PDP/sim/zynq_sim/zynq_sim.sim/sim_1/behav/xsim/webtalk.log
# Journal file: C:/Users/boblu/Documents/TuD/MSc_Computer_Engineering/PDP/sim/zynq_sim/zynq_sim.sim/sim_1/behav/xsim\webtalk.jou
#-----------------------------------------------------------
source C:/Users/boblu/Documents/TuD/MSc_Computer_Engineering/PDP/sim/zynq_sim/zynq_sim.sim/sim_1/behav/xsim/xsim.dir/testbench_vivado_1_behav/webtalk/xsim_webtalk.tcl -notrace
